// Jest Snapshot v1, https://goo.gl/fbAQLP

exports[`TableDiv Test TableDiv renderer whith children 1`] = `"<div class=\\"table-div-main test\\"><div class=\\"table-div-line\\"><div class=\\"table-div-cell\\"><span class=\\"table-div-suplabel\\">teste:</span>teste</div></div><div class=\\"table-div-line fstart\\"><div class=\\"table-div-cell\\">TESTE</div></div><div class=\\"table-div-line fend\\"><div class=\\"table-div-cell\\">TESTE</div><div class=\\"table-div-cell\\">TESTE</div></div><div class=\\"table-div-line fcenter\\"><div class=\\"table-div-cell\\">TESTE</div><div class=\\"table-div-cell\\">TESTE</div><div class=\\"table-div-cell\\">TESTE</div></div><div class=\\"table-div-line faround\\"><div class=\\"table-div-cell\\">TESTE</div><div class=\\"table-div-cell\\">TESTE</div><div class=\\"table-div-cell\\">TESTE</div><div class=\\"table-div-cell\\">TESTE</div></div><div class=\\"table-div-line fbetween\\"><div class=\\"table-div-cell\\">TESTE</div><div class=\\"table-div-cell\\">TESTE</div><div class=\\"table-div-cell\\">TESTE</div><div class=\\"table-div-cell\\">TESTE</div><div class=\\"table-div-cell\\">TESTE</div></div></div>"`;
