// Jest Snapshot v1, https://goo.gl/fbAQLP

exports[`TableDiv Test TableDiv renderer whith children 1`] = `"<div class=\\"undefined toolsbar line\\"><div class=\\"toolsbar-item toolsbar-title\\"><h3>My test</h3></div><div class=\\"toolsbar-item toolsbar-title\\">Teste title</div><div class=\\"toolsbar-item toolsbar-buttons\\"><div class=\\"toolsbar-item\\"><button type=\\"button\\" class=\\"toolsbar-btn hover disabled\\" value=\\"1\\" disabled=\\"\\" style=\\"background-image:url([object Object])\\"></button></div><div class=\\"toolsbar-item\\"><button type=\\"button\\" class=\\"toolsbar-btn hover actived\\" value=\\"0\\" style=\\"background-image:url([object Object]);background-color:#000\\"></button></div><div class=\\"toolsbar-item\\"><button type=\\"button\\" class=\\"toolsbar-btn hover\\" style=\\"background-image:url([object Object])\\"></button></div><div class=\\"toolsbar-item\\"><a href=\\"https://avatarsolucoesdigitais.com.br\\" class=\\"toolsbar-btn hover\\" style=\\"background-image:url([object Object])\\"> </a></div><div class=\\"toolsbar-item\\"><a href=\\"\\" class=\\"undefined toolsbar-btn hover disabled\\" disabled=\\"\\" style=\\"background-image:url([object Object])\\"> </a></div></div></div>"`;

exports[`TableDiv Test ToolSelectItem 1`] = `"<div class=\\"undefined toolsbar line\\"><div class=\\"toolsbar-item toolsbar-title\\">My Test</div><div class=\\"undefined toolsbar-select-item\\"><select name=\\"lastDays\\" class=\\"primary\\" style=\\"padding-right: 2px;\\"><option value=\\"\\" disabled=\\"\\">test</option><option value=\\"10\\">10 dias</option><option value=\\"30\\">30 dias</option><option value=\\"60\\">60 dias</option><option value=\\"90\\">90 dias</option></select></div></div>"`;
